main.c:73:5:main	16	static
main.c:110:9:checksum_calc	24	static
main.c:120:6:HAL_UART_RxCpltCallback	24	static
main.c:127:6:serial_comm_task	40	static,ignoring_inline_asm
main.c:196:6:adc_task	24	static
main.c:214:6:led_task	24	static
main.c:251:6:SystemClock_Config	88	static
main.c:296:13:MX_ADC1_Init	24	static
main.c:346:13:MX_USART2_UART_Init	8	static
main.c:379:13:MX_GPIO_Init	48	static
main.c:415:6:HAL_TIM_PeriodElapsedCallback	16	static
main.c:432:6:Error_Handler	4	static,ignoring_inline_asm
